Loading openmpi/4.1.6--gcc--12.2.0
  Loading requirement: gcc/12.2.0-binut2.41
[lrdn4927.leonardo.local:960521] MCW rank 0 bound to socket 0[core 0[hwt 0]], socket 0[core 1[hwt 0]], socket 0[core 2[hwt 0]], socket 0[core 3[hwt 0]], socket 0[core 4[hwt 0]], socket 0[core 5[hwt 0]], socket 0[core 6[hwt 0]], socket 0[core 7[hwt 0]], socket 0[core 8[hwt 0]], socket 0[core 9[hwt 0]], socket 0[core 10[hwt 0]], socket 0[core 11[hwt 0]], socket 0[core 12[hwt 0]], socket 0[core 13[hwt 0]]: [B/B/B/B/B/B/B/B/B/B/B/B/B/B/./././././././././././././././././././././././././././././././././././././././././.][./././././././././././././././././././././././././././././././././././././././././././././././././././././././.]
[lrdn4927.leonardo.local:960521] MCW rank 1 bound to socket 0[core 14[hwt 0]], socket 0[core 15[hwt 0]], socket 0[core 16[hwt 0]], socket 0[core 17[hwt 0]], socket 0[core 18[hwt 0]], socket 0[core 19[hwt 0]], socket 0[core 20[hwt 0]], socket 0[core 21[hwt 0]], socket 0[core 22[hwt 0]], socket 0[core 23[hwt 0]], socket 0[core 24[hwt 0]], socket 0[core 25[hwt 0]], socket 0[core 26[hwt 0]], socket 0[core 27[hwt 0]]: [././././././././././././././B/B/B/B/B/B/B/B/B/B/B/B/B/B/./././././././././././././././././././././././././././.][./././././././././././././././././././././././././././././././././././././././././././././././././././././././.]
[lrdn4927.leonardo.local:960521] MCW rank 2 bound to socket 0[core 28[hwt 0]], socket 0[core 29[hwt 0]], socket 0[core 30[hwt 0]], socket 0[core 31[hwt 0]], socket 0[core 32[hwt 0]], socket 0[core 33[hwt 0]], socket 0[core 34[hwt 0]], socket 0[core 35[hwt 0]], socket 0[core 36[hwt 0]], socket 0[core 37[hwt 0]], socket 0[core 38[hwt 0]], socket 0[core 39[hwt 0]], socket 0[core 40[hwt 0]], socket 0[core 41[hwt 0]]: [././././././././././././././././././././././././././././B/B/B/B/B/B/B/B/B/B/B/B/B/B/./././././././././././././.][./././././././././././././././././././././././././././././././././././././././././././././././././././././././.]
[lrdn4927.leonardo.local:960521] MCW rank 3 bound to socket 0[core 42[hwt 0]], socket 0[core 43[hwt 0]], socket 0[core 44[hwt 0]], socket 0[core 45[hwt 0]], socket 0[core 46[hwt 0]], socket 0[core 47[hwt 0]], socket 0[core 48[hwt 0]], socket 0[core 49[hwt 0]], socket 0[core 50[hwt 0]], socket 0[core 51[hwt 0]], socket 0[core 52[hwt 0]], socket 0[core 53[hwt 0]], socket 0[core 54[hwt 0]], socket 0[core 55[hwt 0]]: [././././././././././././././././././././././././././././././././././././././././././B/B/B/B/B/B/B/B/B/B/B/B/B/B][./././././././././././././././././././././././././././././././././././././././././././././././././././././././.]
[lrdn4927.leonardo.local:960521] MCW rank 4 bound to socket 1[core 56[hwt 0]], socket 1[core 57[hwt 0]], socket 1[core 58[hwt 0]], socket 1[core 59[hwt 0]], socket 1[core 60[hwt 0]], socket 1[core 61[hwt 0]], socket 1[core 62[hwt 0]], socket 1[core 63[hwt 0]], socket 1[core 64[hwt 0]], socket 1[core 65[hwt 0]], socket 1[core 66[hwt 0]], socket 1[core 67[hwt 0]], socket 1[core 68[hwt 0]], socket 1[core 69[hwt 0]]: [./././././././././././././././././././././././././././././././././././././././././././././././././././././././.][B/B/B/B/B/B/B/B/B/B/B/B/B/B/./././././././././././././././././././././././././././././././././././././././././.]
[lrdn4927.leonardo.local:960521] MCW rank 5 bound to socket 1[core 70[hwt 0]], socket 1[core 71[hwt 0]], socket 1[core 72[hwt 0]], socket 1[core 73[hwt 0]], socket 1[core 74[hwt 0]], socket 1[core 75[hwt 0]], socket 1[core 76[hwt 0]], socket 1[core 77[hwt 0]], socket 1[core 78[hwt 0]], socket 1[core 79[hwt 0]], socket 1[core 80[hwt 0]], socket 1[core 81[hwt 0]], socket 1[core 82[hwt 0]], socket 1[core 83[hwt 0]]: [./././././././././././././././././././././././././././././././././././././././././././././././././././././././.][././././././././././././././B/B/B/B/B/B/B/B/B/B/B/B/B/B/./././././././././././././././././././././././././././.]
[lrdn4927.leonardo.local:960521] MCW rank 6 bound to socket 1[core 84[hwt 0]], socket 1[core 85[hwt 0]], socket 1[core 86[hwt 0]], socket 1[core 87[hwt 0]], socket 1[core 88[hwt 0]], socket 1[core 89[hwt 0]], socket 1[core 90[hwt 0]], socket 1[core 91[hwt 0]], socket 1[core 92[hwt 0]], socket 1[core 93[hwt 0]], socket 1[core 94[hwt 0]], socket 1[core 95[hwt 0]], socket 1[core 96[hwt 0]], socket 1[core 97[hwt 0]]: [./././././././././././././././././././././././././././././././././././././././././././././././././././././././.][././././././././././././././././././././././././././././B/B/B/B/B/B/B/B/B/B/B/B/B/B/./././././././././././././.]
[lrdn4927.leonardo.local:960521] MCW rank 7 bound to socket 1[core 98[hwt 0]], socket 1[core 99[hwt 0]], socket 1[core 100[hwt 0]], socket 1[core 101[hwt 0]], socket 1[core 102[hwt 0]], socket 1[core 103[hwt 0]], socket 1[core 104[hwt 0]], socket 1[core 105[hwt 0]], socket 1[core 106[hwt 0]], socket 1[core 107[hwt 0]], socket 1[core 108[hwt 0]], socket 1[core 109[hwt 0]], socket 1[core 110[hwt 0]], socket 1[core 111[hwt 0]]: [./././././././././././././././././././././././././././././././././././././././././././././././././././././././.][././././././././././././././././././././././././././././././././././././././././././B/B/B/B/B/B/B/B/B/B/B/B/B/B]
[lrdn4933.leonardo.local:2708431] MCW rank 8 bound to socket 0[core 0[hwt 0]], socket 0[core 1[hwt 0]], socket 0[core 2[hwt 0]], socket 0[core 3[hwt 0]], socket 0[core 4[hwt 0]], socket 0[core 5[hwt 0]], socket 0[core 6[hwt 0]], socket 0[core 7[hwt 0]], socket 0[core 8[hwt 0]], socket 0[core 9[hwt 0]], socket 0[core 10[hwt 0]], socket 0[core 11[hwt 0]], socket 0[core 12[hwt 0]], socket 0[core 13[hwt 0]]: [B/B/B/B/B/B/B/B/B/B/B/B/B/B/./././././././././././././././././././././././././././././././././././././././././.][./././././././././././././././././././././././././././././././././././././././././././././././././././././././.]
[lrdn4933.leonardo.local:2708431] MCW rank 9 bound to socket 0[core 14[hwt 0]], socket 0[core 15[hwt 0]], socket 0[core 16[hwt 0]], socket 0[core 17[hwt 0]], socket 0[core 18[hwt 0]], socket 0[core 19[hwt 0]], socket 0[core 20[hwt 0]], socket 0[core 21[hwt 0]], socket 0[core 22[hwt 0]], socket 0[core 23[hwt 0]], socket 0[core 24[hwt 0]], socket 0[core 25[hwt 0]], socket 0[core 26[hwt 0]], socket 0[core 27[hwt 0]]: [././././././././././././././B/B/B/B/B/B/B/B/B/B/B/B/B/B/./././././././././././././././././././././././././././.][./././././././././././././././././././././././././././././././././././././././././././././././././././././././.]
[lrdn4933.leonardo.local:2708431] MCW rank 10 bound to socket 0[core 28[hwt 0]], socket 0[core 29[hwt 0]], socket 0[core 30[hwt 0]], socket 0[core 31[hwt 0]], socket 0[core 32[hwt 0]], socket 0[core 33[hwt 0]], socket 0[core 34[hwt 0]], socket 0[core 35[hwt 0]], socket 0[core 36[hwt 0]], socket 0[core 37[hwt 0]], socket 0[core 38[hwt 0]], socket 0[core 39[hwt 0]], socket 0[core 40[hwt 0]], socket 0[core 41[hwt 0]]: [././././././././././././././././././././././././././././B/B/B/B/B/B/B/B/B/B/B/B/B/B/./././././././././././././.][./././././././././././././././././././././././././././././././././././././././././././././././././././././././.]
[lrdn4933.leonardo.local:2708431] MCW rank 11 bound to socket 0[core 42[hwt 0]], socket 0[core 43[hwt 0]], socket 0[core 44[hwt 0]], socket 0[core 45[hwt 0]], socket 0[core 46[hwt 0]], socket 0[core 47[hwt 0]], socket 0[core 48[hwt 0]], socket 0[core 49[hwt 0]], socket 0[core 50[hwt 0]], socket 0[core 51[hwt 0]], socket 0[core 52[hwt 0]], socket 0[core 53[hwt 0]], socket 0[core 54[hwt 0]], socket 0[core 55[hwt 0]]: [././././././././././././././././././././././././././././././././././././././././././B/B/B/B/B/B/B/B/B/B/B/B/B/B][./././././././././././././././././././././././././././././././././././././././././././././././././././././././.]
[lrdn4933.leonardo.local:2708431] MCW rank 12 bound to socket 1[core 56[hwt 0]], socket 1[core 57[hwt 0]], socket 1[core 58[hwt 0]], socket 1[core 59[hwt 0]], socket 1[core 60[hwt 0]], socket 1[core 61[hwt 0]], socket 1[core 62[hwt 0]], socket 1[core 63[hwt 0]], socket 1[core 64[hwt 0]], socket 1[core 65[hwt 0]], socket 1[core 66[hwt 0]], socket 1[core 67[hwt 0]], socket 1[core 68[hwt 0]], socket 1[core 69[hwt 0]]: [./././././././././././././././././././././././././././././././././././././././././././././././././././././././.][B/B/B/B/B/B/B/B/B/B/B/B/B/B/./././././././././././././././././././././././././././././././././././././././././.]
[lrdn4933.leonardo.local:2708431] MCW rank 13 bound to socket 1[core 70[hwt 0]], socket 1[core 71[hwt 0]], socket 1[core 72[hwt 0]], socket 1[core 73[hwt 0]], socket 1[core 74[hwt 0]], socket 1[core 75[hwt 0]], socket 1[core 76[hwt 0]], socket 1[core 77[hwt 0]], socket 1[core 78[hwt 0]], socket 1[core 79[hwt 0]], socket 1[core 80[hwt 0]], socket 1[core 81[hwt 0]], socket 1[core 82[hwt 0]], socket 1[core 83[hwt 0]]: [./././././././././././././././././././././././././././././././././././././././././././././././././././././././.][././././././././././././././B/B/B/B/B/B/B/B/B/B/B/B/B/B/./././././././././././././././././././././././././././.]
[lrdn4933.leonardo.local:2708431] MCW rank 14 bound to socket 1[core 84[hwt 0]], socket 1[core 85[hwt 0]], socket 1[core 86[hwt 0]], socket 1[core 87[hwt 0]], socket 1[core 88[hwt 0]], socket 1[core 89[hwt 0]], socket 1[core 90[hwt 0]], socket 1[core 91[hwt 0]], socket 1[core 92[hwt 0]], socket 1[core 93[hwt 0]], socket 1[core 94[hwt 0]], socket 1[core 95[hwt 0]], socket 1[core 96[hwt 0]], socket 1[core 97[hwt 0]]: [./././././././././././././././././././././././././././././././././././././././././././././././././././././././.][././././././././././././././././././././././././././././B/B/B/B/B/B/B/B/B/B/B/B/B/B/./././././././././././././.]
[lrdn4933.leonardo.local:2708431] MCW rank 15 bound to socket 1[core 98[hwt 0]], socket 1[core 99[hwt 0]], socket 1[core 100[hwt 0]], socket 1[core 101[hwt 0]], socket 1[core 102[hwt 0]], socket 1[core 103[hwt 0]], socket 1[core 104[hwt 0]], socket 1[core 105[hwt 0]], socket 1[core 106[hwt 0]], socket 1[core 107[hwt 0]], socket 1[core 108[hwt 0]], socket 1[core 109[hwt 0]], socket 1[core 110[hwt 0]], socket 1[core 111[hwt 0]]: [./././././././././././././././././././././././././././././././././././././././././././././././././././././././.][././././././././././././././././././././././././././././././././././././././././././B/B/B/B/B/B/B/B/B/B/B/B/B/B]

libgomp: Invalid value for environment variable OMP_NUM_THREADS

libgomp: 
libgomp: 
libgomp: Invalid value for environment variable OMP_NUM_THREADS
Invalid value for environment variable OMP_NUM_THREADS
Invalid value for environment variable OMP_NUM_THREADS

libgomp: Invalid value for environment variable OMP_NUM_THREADS

libgomp: Invalid value for environment variable OMP_NUM_THREADS

libgomp: Invalid value for environment variable OMP_NUM_THREADS

libgomp: Invalid value for environment variable OMP_NUM_THREADS

libgomp: 
libgomp: Invalid value for environment variable OMP_NUM_THREADS

libgomp: Invalid value for environment variable OMP_NUM_THREADS
Invalid value for environment variable OMP_NUM_THREADS

libgomp: 
libgomp: 
libgomp: Invalid value for environment variable OMP_NUM_THREADS

libgomp: Invalid value for environment variable OMP_NUM_THREADS
Invalid value for environment variable OMP_NUM_THREADS

libgomp: Invalid value for environment variable OMP_NUM_THREADS
Invalid value for environment variable OMP_NUM_THREADS
500
500
500
500
500
500
500
500
500
500
500
500
500
500
500
500
PROCESS 11: time taken 3.400100, computing 3.396860, border 0.598375, communicating 1.116444, injecting 0.000077 
PROCESS 14: time taken 3.391714, computing 3.389384, border 0.605721, communicating 1.121490, injecting 0.000146 
PROCESS 15: time taken 3.391010, computing 3.388279, border 0.571533, communicating 1.120025, injecting 0.000072 
PROCESS 10: time taken 3.400770, computing 3.398246, border 0.606812, communicating 1.045836, injecting 0.000224 
PROCESS 8: time taken 3.400662, computing 3.398052, border 0.601144, communicating 1.085425, injecting 0.000065 
PROCESS 9: time taken 3.401233, computing 3.398476, border 0.619672, communicating 1.119609, injecting 0.000218 
PROCESS 4: time taken 3.400051, computing 3.397379, border 0.603908, communicating 1.156575, injecting 0.000226 
PROCESS 12: time taken 3.391702, computing 3.389145, border 0.600707, communicating 1.124692, injecting 0.000206 
PROCESS 7: time taken 3.399956, computing 3.396531, border 0.585933, communicating 1.135815, injecting 0.000211 
PROCESS 3: time taken 3.397774, computing 3.395010, border 0.596186, communicating 1.082286, injecting 0.000090 
PROCESS 5: time taken 3.400140, computing 3.397551, border 0.603498, communicating 1.175801, injecting 0.000072 
PROCESS 1: time taken 3.398098, computing 3.395546, border 0.582809, communicating 1.127682, injecting 0.000085 
PROCESS 13: time taken 3.392321, computing 3.389496, border 0.601171, communicating 0.853602, injecting 0.000196 
PROCESS 2: time taken 3.397778, computing 3.395114, border 0.579432, communicating 1.110205, injecting 0.000182 
PROCESS 6: time taken 3.399990, computing 3.397296, border 0.603917, communicating 1.143630, injecting 0.000191 
total injected energy is 10000, system energy is 8980.53 ( in avg 3.34551e-05 per grid point)
PROCESS 0: time taken 3.388082, computing 3.385537, border 0.630311, communicating 1.092843, injecting 0.000249 
