Loading openmpi/4.1.6--gcc--12.2.0
  Loading requirement: gcc/12.2.0-binut2.41
1000
1000
1000
1000
1000
1000
1000
1000
1000
1000
1000
1000
1000
1000
1000
1000
1000
1000
1000
1000
1000
1000
1000
1000
1000
1000
1000
1000
1000
1000
1000
1000
PROCESS 3: time taken 83.266069, computing 10.290509, communicating 0.232703, injecting 0.000034 
PROCESS 11: time taken 83.266033, computing 10.028085, communicating 0.364602, injecting 0.000035 
PROCESS 19: time taken 83.266598, computing 14.227202, communicating 0.439297, injecting 0.000034 
PROCESS 2: time taken 83.267012, computing 14.037538, communicating 0.188256, injecting 0.000136 
PROCESS 10: time taken 83.266634, computing 10.433679, communicating 0.310067, injecting 0.000035 
PROCESS 27: time taken 83.276725, computing 14.458089, communicating 0.473554, injecting 0.000034 
PROCESS 26: time taken 83.276778, computing 13.851349, communicating 0.425480, injecting 0.000131 
PROCESS 18: time taken 83.276727, computing 10.160852, communicating 0.584452, injecting 0.000039 
PROCESS 25: time taken 83.278363, computing 14.126412, communicating 0.511827, injecting 0.000035 
PROCESS 5: time taken 83.287065, computing 10.121112, communicating 0.155153, injecting 0.000034 
PROCESS 1: time taken 83.291542, computing 15.999991, communicating 0.129079, injecting 0.000034 
PROCESS 29: time taken 83.291704, computing 10.281318, communicating 0.405700, injecting 0.000035 
PROCESS 9: time taken 83.303058, computing 14.290608, communicating 0.339010, injecting 0.000127 
PROCESS 13: time taken 83.304533, computing 14.017683, communicating 0.295428, injecting 0.000147 
PROCESS 17: time taken 83.309538, computing 10.532830, communicating 0.355184, injecting 0.000038 
PROCESS 21: time taken 83.313538, computing 16.572173, communicating 0.575686, injecting 0.000034 
PROCESS 7: time taken 83.321045, computing 14.460381, communicating 0.220403, injecting 0.000136 
PROCESS 6: time taken 83.313074, computing 13.852617, communicating 0.161091, injecting 0.000034 
PROCESS 4: time taken 83.274071, computing 10.058667, communicating 0.190423, injecting 0.000040 
PROCESS 23: time taken 83.332345, computing 10.426892, communicating 0.355306, injecting 0.000034 
PROCESS 20: time taken 83.291730, computing 13.844676, communicating 0.522807, injecting 0.000109 
PROCESS 22: time taken 83.332289, computing 16.384971, communicating 0.510099, injecting 0.000261 
PROCESS 16: time taken 83.332350, computing 10.131983, communicating 0.221156, injecting 0.000035 
PROCESS 15: time taken 83.332367, computing 10.209283, communicating 0.420673, injecting 0.000034 
PROCESS 8: time taken 83.320561, computing 13.393765, communicating 0.398056, injecting 0.000034 
PROCESS 12: time taken 83.274039, computing 14.555833, communicating 0.322840, injecting 0.000036 
PROCESS 14: time taken 83.324542, computing 10.216966, communicating 0.534811, injecting 0.000038 
PROCESS 31: time taken 83.332387, computing 10.272439, communicating 0.492939, injecting 0.000034 
PROCESS 24: time taken 83.309600, computing 10.346670, communicating 0.303756, injecting 0.000035 
PROCESS 30: time taken 83.313620, computing 10.365688, communicating 0.497879, injecting 0.000033 
PROCESS 28: time taken 83.266692, computing 15.298238, communicating 0.406811, injecting 0.000143 
total injected energy is 20000, system energy is 18401.6 ( in avg 8.17849e-05 per grid point)
PROCESS 0: time taken 83.291593, computing 14.066565, communicating 0.219909, injecting 0.000186 
