Loading openmpi/4.1.6--gcc--12.2.0
  Loading requirement: gcc/12.2.0-binut2.41
[lrdn4865.leonardo.local:3914298] MCW rank 0 bound to socket 0[core 0[hwt 0]], socket 0[core 1[hwt 0]], socket 0[core 2[hwt 0]], socket 0[core 3[hwt 0]], socket 0[core 4[hwt 0]], socket 0[core 5[hwt 0]], socket 0[core 6[hwt 0]], socket 0[core 7[hwt 0]], socket 0[core 8[hwt 0]], socket 0[core 9[hwt 0]], socket 0[core 10[hwt 0]], socket 0[core 11[hwt 0]], socket 0[core 12[hwt 0]], socket 0[core 13[hwt 0]]: [B/B/B/B/B/B/B/B/B/B/B/B/B/B/./././././././././././././././././././././././././././././././././././././././././.][./././././././././././././././././././././././././././././././././././././././././././././././././././././././.]
[lrdn4865.leonardo.local:3914298] MCW rank 1 bound to socket 0[core 14[hwt 0]], socket 0[core 15[hwt 0]], socket 0[core 16[hwt 0]], socket 0[core 17[hwt 0]], socket 0[core 18[hwt 0]], socket 0[core 19[hwt 0]], socket 0[core 20[hwt 0]], socket 0[core 21[hwt 0]], socket 0[core 22[hwt 0]], socket 0[core 23[hwt 0]], socket 0[core 24[hwt 0]], socket 0[core 25[hwt 0]], socket 0[core 26[hwt 0]], socket 0[core 27[hwt 0]]: [././././././././././././././B/B/B/B/B/B/B/B/B/B/B/B/B/B/./././././././././././././././././././././././././././.][./././././././././././././././././././././././././././././././././././././././././././././././././././././././.]
[lrdn4865.leonardo.local:3914298] MCW rank 2 bound to socket 0[core 28[hwt 0]], socket 0[core 29[hwt 0]], socket 0[core 30[hwt 0]], socket 0[core 31[hwt 0]], socket 0[core 32[hwt 0]], socket 0[core 33[hwt 0]], socket 0[core 34[hwt 0]], socket 0[core 35[hwt 0]], socket 0[core 36[hwt 0]], socket 0[core 37[hwt 0]], socket 0[core 38[hwt 0]], socket 0[core 39[hwt 0]], socket 0[core 40[hwt 0]], socket 0[core 41[hwt 0]]: [././././././././././././././././././././././././././././B/B/B/B/B/B/B/B/B/B/B/B/B/B/./././././././././././././.][./././././././././././././././././././././././././././././././././././././././././././././././././././././././.]
[lrdn4865.leonardo.local:3914298] MCW rank 3 bound to socket 0[core 42[hwt 0]], socket 0[core 43[hwt 0]], socket 0[core 44[hwt 0]], socket 0[core 45[hwt 0]], socket 0[core 46[hwt 0]], socket 0[core 47[hwt 0]], socket 0[core 48[hwt 0]], socket 0[core 49[hwt 0]], socket 0[core 50[hwt 0]], socket 0[core 51[hwt 0]], socket 0[core 52[hwt 0]], socket 0[core 53[hwt 0]], socket 0[core 54[hwt 0]], socket 0[core 55[hwt 0]]: [././././././././././././././././././././././././././././././././././././././././././B/B/B/B/B/B/B/B/B/B/B/B/B/B][./././././././././././././././././././././././././././././././././././././././././././././././././././././././.]
[lrdn4865.leonardo.local:3914298] MCW rank 4 bound to socket 1[core 56[hwt 0]], socket 1[core 57[hwt 0]], socket 1[core 58[hwt 0]], socket 1[core 59[hwt 0]], socket 1[core 60[hwt 0]], socket 1[core 61[hwt 0]], socket 1[core 62[hwt 0]], socket 1[core 63[hwt 0]], socket 1[core 64[hwt 0]], socket 1[core 65[hwt 0]], socket 1[core 66[hwt 0]], socket 1[core 67[hwt 0]], socket 1[core 68[hwt 0]], socket 1[core 69[hwt 0]]: [./././././././././././././././././././././././././././././././././././././././././././././././././././././././.][B/B/B/B/B/B/B/B/B/B/B/B/B/B/./././././././././././././././././././././././././././././././././././././././././.]
[lrdn4865.leonardo.local:3914298] MCW rank 5 bound to socket 1[core 70[hwt 0]], socket 1[core 71[hwt 0]], socket 1[core 72[hwt 0]], socket 1[core 73[hwt 0]], socket 1[core 74[hwt 0]], socket 1[core 75[hwt 0]], socket 1[core 76[hwt 0]], socket 1[core 77[hwt 0]], socket 1[core 78[hwt 0]], socket 1[core 79[hwt 0]], socket 1[core 80[hwt 0]], socket 1[core 81[hwt 0]], socket 1[core 82[hwt 0]], socket 1[core 83[hwt 0]]: [./././././././././././././././././././././././././././././././././././././././././././././././././././././././.][././././././././././././././B/B/B/B/B/B/B/B/B/B/B/B/B/B/./././././././././././././././././././././././././././.]
[lrdn4865.leonardo.local:3914298] MCW rank 6 bound to socket 1[core 84[hwt 0]], socket 1[core 85[hwt 0]], socket 1[core 86[hwt 0]], socket 1[core 87[hwt 0]], socket 1[core 88[hwt 0]], socket 1[core 89[hwt 0]], socket 1[core 90[hwt 0]], socket 1[core 91[hwt 0]], socket 1[core 92[hwt 0]], socket 1[core 93[hwt 0]], socket 1[core 94[hwt 0]], socket 1[core 95[hwt 0]], socket 1[core 96[hwt 0]], socket 1[core 97[hwt 0]]: [./././././././././././././././././././././././././././././././././././././././././././././././././././././././.][././././././././././././././././././././././././././././B/B/B/B/B/B/B/B/B/B/B/B/B/B/./././././././././././././.]
[lrdn4865.leonardo.local:3914298] MCW rank 7 bound to socket 1[core 98[hwt 0]], socket 1[core 99[hwt 0]], socket 1[core 100[hwt 0]], socket 1[core 101[hwt 0]], socket 1[core 102[hwt 0]], socket 1[core 103[hwt 0]], socket 1[core 104[hwt 0]], socket 1[core 105[hwt 0]], socket 1[core 106[hwt 0]], socket 1[core 107[hwt 0]], socket 1[core 108[hwt 0]], socket 1[core 109[hwt 0]], socket 1[core 110[hwt 0]], socket 1[core 111[hwt 0]]: [./././././././././././././././././././././././././././././././././././././././././././././././././././././././.][././././././././././././././././././././././././././././././././././././././././././B/B/B/B/B/B/B/B/B/B/B/B/B/B]
[lrdn4902.leonardo.local:4059275] MCW rank 8 bound to socket 0[core 0[hwt 0]], socket 0[core 1[hwt 0]], socket 0[core 2[hwt 0]], socket 0[core 3[hwt 0]], socket 0[core 4[hwt 0]], socket 0[core 5[hwt 0]], socket 0[core 6[hwt 0]], socket 0[core 7[hwt 0]], socket 0[core 8[hwt 0]], socket 0[core 9[hwt 0]], socket 0[core 10[hwt 0]], socket 0[core 11[hwt 0]], socket 0[core 12[hwt 0]], socket 0[core 13[hwt 0]]: [B/B/B/B/B/B/B/B/B/B/B/B/B/B/./././././././././././././././././././././././././././././././././././././././././.][./././././././././././././././././././././././././././././././././././././././././././././././././././././././.]
[lrdn4902.leonardo.local:4059275] MCW rank 9 bound to socket 0[core 14[hwt 0]], socket 0[core 15[hwt 0]], socket 0[core 16[hwt 0]], socket 0[core 17[hwt 0]], socket 0[core 18[hwt 0]], socket 0[core 19[hwt 0]], socket 0[core 20[hwt 0]], socket 0[core 21[hwt 0]], socket 0[core 22[hwt 0]], socket 0[core 23[hwt 0]], socket 0[core 24[hwt 0]], socket 0[core 25[hwt 0]], socket 0[core 26[hwt 0]], socket 0[core 27[hwt 0]]: [././././././././././././././B/B/B/B/B/B/B/B/B/B/B/B/B/B/./././././././././././././././././././././././././././.][./././././././././././././././././././././././././././././././././././././././././././././././././././././././.]
[lrdn4902.leonardo.local:4059275] MCW rank 10 bound to socket 0[core 28[hwt 0]], socket 0[core 29[hwt 0]], socket 0[core 30[hwt 0]], socket 0[core 31[hwt 0]], socket 0[core 32[hwt 0]], socket 0[core 33[hwt 0]], socket 0[core 34[hwt 0]], socket 0[core 35[hwt 0]], socket 0[core 36[hwt 0]], socket 0[core 37[hwt 0]], socket 0[core 38[hwt 0]], socket 0[core 39[hwt 0]], socket 0[core 40[hwt 0]], socket 0[core 41[hwt 0]]: [././././././././././././././././././././././././././././B/B/B/B/B/B/B/B/B/B/B/B/B/B/./././././././././././././.][./././././././././././././././././././././././././././././././././././././././././././././././././././././././.]
[lrdn4902.leonardo.local:4059275] MCW rank 11 bound to socket 0[core 42[hwt 0]], socket 0[core 43[hwt 0]], socket 0[core 44[hwt 0]], socket 0[core 45[hwt 0]], socket 0[core 46[hwt 0]], socket 0[core 47[hwt 0]], socket 0[core 48[hwt 0]], socket 0[core 49[hwt 0]], socket 0[core 50[hwt 0]], socket 0[core 51[hwt 0]], socket 0[core 52[hwt 0]], socket 0[core 53[hwt 0]], socket 0[core 54[hwt 0]], socket 0[core 55[hwt 0]]: [././././././././././././././././././././././././././././././././././././././././././B/B/B/B/B/B/B/B/B/B/B/B/B/B][./././././././././././././././././././././././././././././././././././././././././././././././././././././././.]
[lrdn4902.leonardo.local:4059275] MCW rank 12 bound to socket 1[core 56[hwt 0]], socket 1[core 57[hwt 0]], socket 1[core 58[hwt 0]], socket 1[core 59[hwt 0]], socket 1[core 60[hwt 0]], socket 1[core 61[hwt 0]], socket 1[core 62[hwt 0]], socket 1[core 63[hwt 0]], socket 1[core 64[hwt 0]], socket 1[core 65[hwt 0]], socket 1[core 66[hwt 0]], socket 1[core 67[hwt 0]], socket 1[core 68[hwt 0]], socket 1[core 69[hwt 0]]: [./././././././././././././././././././././././././././././././././././././././././././././././././././././././.][B/B/B/B/B/B/B/B/B/B/B/B/B/B/./././././././././././././././././././././././././././././././././././././././././.]
[lrdn4902.leonardo.local:4059275] MCW rank 13 bound to socket 1[core 70[hwt 0]], socket 1[core 71[hwt 0]], socket 1[core 72[hwt 0]], socket 1[core 73[hwt 0]], socket 1[core 74[hwt 0]], socket 1[core 75[hwt 0]], socket 1[core 76[hwt 0]], socket 1[core 77[hwt 0]], socket 1[core 78[hwt 0]], socket 1[core 79[hwt 0]], socket 1[core 80[hwt 0]], socket 1[core 81[hwt 0]], socket 1[core 82[hwt 0]], socket 1[core 83[hwt 0]]: [./././././././././././././././././././././././././././././././././././././././././././././././././././././././.][././././././././././././././B/B/B/B/B/B/B/B/B/B/B/B/B/B/./././././././././././././././././././././././././././.]
[lrdn4902.leonardo.local:4059275] MCW rank 14 bound to socket 1[core 84[hwt 0]], socket 1[core 85[hwt 0]], socket 1[core 86[hwt 0]], socket 1[core 87[hwt 0]], socket 1[core 88[hwt 0]], socket 1[core 89[hwt 0]], socket 1[core 90[hwt 0]], socket 1[core 91[hwt 0]], socket 1[core 92[hwt 0]], socket 1[core 93[hwt 0]], socket 1[core 94[hwt 0]], socket 1[core 95[hwt 0]], socket 1[core 96[hwt 0]], socket 1[core 97[hwt 0]]: [./././././././././././././././././././././././././././././././././././././././././././././././././././././././.][././././././././././././././././././././././././././././B/B/B/B/B/B/B/B/B/B/B/B/B/B/./././././././././././././.]
[lrdn4902.leonardo.local:4059275] MCW rank 15 bound to socket 1[core 98[hwt 0]], socket 1[core 99[hwt 0]], socket 1[core 100[hwt 0]], socket 1[core 101[hwt 0]], socket 1[core 102[hwt 0]], socket 1[core 103[hwt 0]], socket 1[core 104[hwt 0]], socket 1[core 105[hwt 0]], socket 1[core 106[hwt 0]], socket 1[core 107[hwt 0]], socket 1[core 108[hwt 0]], socket 1[core 109[hwt 0]], socket 1[core 110[hwt 0]], socket 1[core 111[hwt 0]]: [./././././././././././././././././././././././././././././././././././././././././././././././././././././././.][././././././././././././././././././././././././././././././././././././././././././B/B/B/B/B/B/B/B/B/B/B/B/B/B]
500
500
500
500
500
500
500
500
500
500
500
500
500
500
500
500
PROCESS 15: time taken 7.031226, computing 7.027058, border 0.760441, communicating 1.810862, injecting 0.000176 
PROCESS 10: time taken 7.115208, computing 7.110874, border 0.807251, communicating 1.874363, injecting 0.000287 
PROCESS 14: time taken 7.034426, computing 7.030676, border 0.822502, communicating 1.809092, injecting 0.000120 
PROCESS 8: time taken 7.115106, computing 7.110624, border 0.721418, communicating 1.912570, injecting 0.000079 
PROCESS 12: time taken 7.042228, computing 7.038086, border 0.732088, communicating 1.825605, injecting 0.000180 
PROCESS 11: time taken 7.115044, computing 7.111039, border 0.757430, communicating 1.918185, injecting 0.000116 
PROCESS 13: time taken 7.040299, computing 7.037091, border 0.843644, communicating 1.791727, injecting 0.000171 
PROCESS 9: time taken 7.115417, computing 7.111474, border 0.770161, communicating 1.765851, injecting 0.000287 
PROCESS 6: time taken 7.115223, computing 7.110385, border 0.732463, communicating 1.824142, injecting 0.000256 
PROCESS 7: time taken 7.114732, computing 7.110264, border 0.806794, communicating 1.959086, injecting 0.000225 
PROCESS 3: time taken 7.110155, computing 7.106804, border 0.731608, communicating 1.834401, injecting 0.000120 
PROCESS 1: time taken 7.110452, computing 7.106091, border 0.799070, communicating 1.803651, injecting 0.000089 
PROCESS 5: time taken 7.115160, computing 7.111266, border 0.816163, communicating 1.899905, injecting 0.000102 
PROCESS 4: time taken 7.114961, computing 7.111050, border 0.800355, communicating 1.914355, injecting 0.000243 
PROCESS 2: time taken 7.110469, computing 7.103741, border 0.707735, communicating 1.832899, injecting 0.000219 
total injected energy is 10000, system energy is 8734.53 ( in avg 1.62693e-05 per grid point)
PROCESS 0: time taken 7.040779, computing 7.036073, border 0.742174, communicating 1.750589, injecting 0.000252 
