Loading openmpi/4.1.6--gcc--12.2.0
  Loading requirement: gcc/12.2.0-binut2.41
[lrdn4799.leonardo.local:1378808] MCW rank 0 bound to socket 0[core 0[hwt 0]], socket 0[core 1[hwt 0]], socket 0[core 2[hwt 0]], socket 0[core 3[hwt 0]], socket 0[core 4[hwt 0]], socket 0[core 5[hwt 0]], socket 0[core 6[hwt 0]], socket 0[core 7[hwt 0]], socket 0[core 8[hwt 0]], socket 0[core 9[hwt 0]], socket 0[core 10[hwt 0]], socket 0[core 11[hwt 0]], socket 0[core 12[hwt 0]], socket 0[core 13[hwt 0]]: [B/B/B/B/B/B/B/B/B/B/B/B/B/B/./././././././././././././././././././././././././././././././././././././././././.][./././././././././././././././././././././././././././././././././././././././././././././././././././././././.]
[lrdn4799.leonardo.local:1378808] MCW rank 1 bound to socket 0[core 14[hwt 0]], socket 0[core 15[hwt 0]], socket 0[core 16[hwt 0]], socket 0[core 17[hwt 0]], socket 0[core 18[hwt 0]], socket 0[core 19[hwt 0]], socket 0[core 20[hwt 0]], socket 0[core 21[hwt 0]], socket 0[core 22[hwt 0]], socket 0[core 23[hwt 0]], socket 0[core 24[hwt 0]], socket 0[core 25[hwt 0]], socket 0[core 26[hwt 0]], socket 0[core 27[hwt 0]]: [././././././././././././././B/B/B/B/B/B/B/B/B/B/B/B/B/B/./././././././././././././././././././././././././././.][./././././././././././././././././././././././././././././././././././././././././././././././././././././././.]
[lrdn4799.leonardo.local:1378808] MCW rank 2 bound to socket 0[core 28[hwt 0]], socket 0[core 29[hwt 0]], socket 0[core 30[hwt 0]], socket 0[core 31[hwt 0]], socket 0[core 32[hwt 0]], socket 0[core 33[hwt 0]], socket 0[core 34[hwt 0]], socket 0[core 35[hwt 0]], socket 0[core 36[hwt 0]], socket 0[core 37[hwt 0]], socket 0[core 38[hwt 0]], socket 0[core 39[hwt 0]], socket 0[core 40[hwt 0]], socket 0[core 41[hwt 0]]: [././././././././././././././././././././././././././././B/B/B/B/B/B/B/B/B/B/B/B/B/B/./././././././././././././.][./././././././././././././././././././././././././././././././././././././././././././././././././././././././.]
[lrdn4799.leonardo.local:1378808] MCW rank 3 bound to socket 0[core 42[hwt 0]], socket 0[core 43[hwt 0]], socket 0[core 44[hwt 0]], socket 0[core 45[hwt 0]], socket 0[core 46[hwt 0]], socket 0[core 47[hwt 0]], socket 0[core 48[hwt 0]], socket 0[core 49[hwt 0]], socket 0[core 50[hwt 0]], socket 0[core 51[hwt 0]], socket 0[core 52[hwt 0]], socket 0[core 53[hwt 0]], socket 0[core 54[hwt 0]], socket 0[core 55[hwt 0]]: [././././././././././././././././././././././././././././././././././././././././././B/B/B/B/B/B/B/B/B/B/B/B/B/B][./././././././././././././././././././././././././././././././././././././././././././././././././././././././.]
[lrdn4799.leonardo.local:1378808] MCW rank 4 bound to socket 1[core 56[hwt 0]], socket 1[core 57[hwt 0]], socket 1[core 58[hwt 0]], socket 1[core 59[hwt 0]], socket 1[core 60[hwt 0]], socket 1[core 61[hwt 0]], socket 1[core 62[hwt 0]], socket 1[core 63[hwt 0]], socket 1[core 64[hwt 0]], socket 1[core 65[hwt 0]], socket 1[core 66[hwt 0]], socket 1[core 67[hwt 0]], socket 1[core 68[hwt 0]], socket 1[core 69[hwt 0]]: [./././././././././././././././././././././././././././././././././././././././././././././././././././././././.][B/B/B/B/B/B/B/B/B/B/B/B/B/B/./././././././././././././././././././././././././././././././././././././././././.]
[lrdn4799.leonardo.local:1378808] MCW rank 5 bound to socket 1[core 70[hwt 0]], socket 1[core 71[hwt 0]], socket 1[core 72[hwt 0]], socket 1[core 73[hwt 0]], socket 1[core 74[hwt 0]], socket 1[core 75[hwt 0]], socket 1[core 76[hwt 0]], socket 1[core 77[hwt 0]], socket 1[core 78[hwt 0]], socket 1[core 79[hwt 0]], socket 1[core 80[hwt 0]], socket 1[core 81[hwt 0]], socket 1[core 82[hwt 0]], socket 1[core 83[hwt 0]]: [./././././././././././././././././././././././././././././././././././././././././././././././././././././././.][././././././././././././././B/B/B/B/B/B/B/B/B/B/B/B/B/B/./././././././././././././././././././././././././././.]
[lrdn4799.leonardo.local:1378808] MCW rank 6 bound to socket 1[core 84[hwt 0]], socket 1[core 85[hwt 0]], socket 1[core 86[hwt 0]], socket 1[core 87[hwt 0]], socket 1[core 88[hwt 0]], socket 1[core 89[hwt 0]], socket 1[core 90[hwt 0]], socket 1[core 91[hwt 0]], socket 1[core 92[hwt 0]], socket 1[core 93[hwt 0]], socket 1[core 94[hwt 0]], socket 1[core 95[hwt 0]], socket 1[core 96[hwt 0]], socket 1[core 97[hwt 0]]: [./././././././././././././././././././././././././././././././././././././././././././././././././././././././.][././././././././././././././././././././././././././././B/B/B/B/B/B/B/B/B/B/B/B/B/B/./././././././././././././.]
[lrdn4799.leonardo.local:1378808] MCW rank 7 bound to socket 1[core 98[hwt 0]], socket 1[core 99[hwt 0]], socket 1[core 100[hwt 0]], socket 1[core 101[hwt 0]], socket 1[core 102[hwt 0]], socket 1[core 103[hwt 0]], socket 1[core 104[hwt 0]], socket 1[core 105[hwt 0]], socket 1[core 106[hwt 0]], socket 1[core 107[hwt 0]], socket 1[core 108[hwt 0]], socket 1[core 109[hwt 0]], socket 1[core 110[hwt 0]], socket 1[core 111[hwt 0]]: [./././././././././././././././././././././././././././././././././././././././././././././././././././././././.][././././././././././././././././././././././././././././././././././././././././././B/B/B/B/B/B/B/B/B/B/B/B/B/B]
[lrdn4818.leonardo.local:2596978] MCW rank 8 bound to socket 0[core 0[hwt 0]], socket 0[core 1[hwt 0]], socket 0[core 2[hwt 0]], socket 0[core 3[hwt 0]], socket 0[core 4[hwt 0]], socket 0[core 5[hwt 0]], socket 0[core 6[hwt 0]], socket 0[core 7[hwt 0]], socket 0[core 8[hwt 0]], socket 0[core 9[hwt 0]], socket 0[core 10[hwt 0]], socket 0[core 11[hwt 0]], socket 0[core 12[hwt 0]], socket 0[core 13[hwt 0]]: [B/B/B/B/B/B/B/B/B/B/B/B/B/B/./././././././././././././././././././././././././././././././././././././././././.][./././././././././././././././././././././././././././././././././././././././././././././././././././././././.]
[lrdn4818.leonardo.local:2596978] MCW rank 9 bound to socket 0[core 14[hwt 0]], socket 0[core 15[hwt 0]], socket 0[core 16[hwt 0]], socket 0[core 17[hwt 0]], socket 0[core 18[hwt 0]], socket 0[core 19[hwt 0]], socket 0[core 20[hwt 0]], socket 0[core 21[hwt 0]], socket 0[core 22[hwt 0]], socket 0[core 23[hwt 0]], socket 0[core 24[hwt 0]], socket 0[core 25[hwt 0]], socket 0[core 26[hwt 0]], socket 0[core 27[hwt 0]]: [././././././././././././././B/B/B/B/B/B/B/B/B/B/B/B/B/B/./././././././././././././././././././././././././././.][./././././././././././././././././././././././././././././././././././././././././././././././././././././././.]
[lrdn4818.leonardo.local:2596978] MCW rank 10 bound to socket 0[core 28[hwt 0]], socket 0[core 29[hwt 0]], socket 0[core 30[hwt 0]], socket 0[core 31[hwt 0]], socket 0[core 32[hwt 0]], socket 0[core 33[hwt 0]], socket 0[core 34[hwt 0]], socket 0[core 35[hwt 0]], socket 0[core 36[hwt 0]], socket 0[core 37[hwt 0]], socket 0[core 38[hwt 0]], socket 0[core 39[hwt 0]], socket 0[core 40[hwt 0]], socket 0[core 41[hwt 0]]: [././././././././././././././././././././././././././././B/B/B/B/B/B/B/B/B/B/B/B/B/B/./././././././././././././.][./././././././././././././././././././././././././././././././././././././././././././././././././././././././.]
[lrdn4818.leonardo.local:2596978] MCW rank 11 bound to socket 0[core 42[hwt 0]], socket 0[core 43[hwt 0]], socket 0[core 44[hwt 0]], socket 0[core 45[hwt 0]], socket 0[core 46[hwt 0]], socket 0[core 47[hwt 0]], socket 0[core 48[hwt 0]], socket 0[core 49[hwt 0]], socket 0[core 50[hwt 0]], socket 0[core 51[hwt 0]], socket 0[core 52[hwt 0]], socket 0[core 53[hwt 0]], socket 0[core 54[hwt 0]], socket 0[core 55[hwt 0]]: [././././././././././././././././././././././././././././././././././././././././././B/B/B/B/B/B/B/B/B/B/B/B/B/B][./././././././././././././././././././././././././././././././././././././././././././././././././././././././.]
[lrdn4818.leonardo.local:2596978] MCW rank 12 bound to socket 1[core 56[hwt 0]], socket 1[core 57[hwt 0]], socket 1[core 58[hwt 0]], socket 1[core 59[hwt 0]], socket 1[core 60[hwt 0]], socket 1[core 61[hwt 0]], socket 1[core 62[hwt 0]], socket 1[core 63[hwt 0]], socket 1[core 64[hwt 0]], socket 1[core 65[hwt 0]], socket 1[core 66[hwt 0]], socket 1[core 67[hwt 0]], socket 1[core 68[hwt 0]], socket 1[core 69[hwt 0]]: [./././././././././././././././././././././././././././././././././././././././././././././././././././././././.][B/B/B/B/B/B/B/B/B/B/B/B/B/B/./././././././././././././././././././././././././././././././././././././././././.]
[lrdn4818.leonardo.local:2596978] MCW rank 13 bound to socket 1[core 70[hwt 0]], socket 1[core 71[hwt 0]], socket 1[core 72[hwt 0]], socket 1[core 73[hwt 0]], socket 1[core 74[hwt 0]], socket 1[core 75[hwt 0]], socket 1[core 76[hwt 0]], socket 1[core 77[hwt 0]], socket 1[core 78[hwt 0]], socket 1[core 79[hwt 0]], socket 1[core 80[hwt 0]], socket 1[core 81[hwt 0]], socket 1[core 82[hwt 0]], socket 1[core 83[hwt 0]]: [./././././././././././././././././././././././././././././././././././././././././././././././././././././././.][././././././././././././././B/B/B/B/B/B/B/B/B/B/B/B/B/B/./././././././././././././././././././././././././././.]
[lrdn4818.leonardo.local:2596978] MCW rank 14 bound to socket 1[core 84[hwt 0]], socket 1[core 85[hwt 0]], socket 1[core 86[hwt 0]], socket 1[core 87[hwt 0]], socket 1[core 88[hwt 0]], socket 1[core 89[hwt 0]], socket 1[core 90[hwt 0]], socket 1[core 91[hwt 0]], socket 1[core 92[hwt 0]], socket 1[core 93[hwt 0]], socket 1[core 94[hwt 0]], socket 1[core 95[hwt 0]], socket 1[core 96[hwt 0]], socket 1[core 97[hwt 0]]: [./././././././././././././././././././././././././././././././././././././././././././././././././././././././.][././././././././././././././././././././././././././././B/B/B/B/B/B/B/B/B/B/B/B/B/B/./././././././././././././.]
[lrdn4818.leonardo.local:2596978] MCW rank 15 bound to socket 1[core 98[hwt 0]], socket 1[core 99[hwt 0]], socket 1[core 100[hwt 0]], socket 1[core 101[hwt 0]], socket 1[core 102[hwt 0]], socket 1[core 103[hwt 0]], socket 1[core 104[hwt 0]], socket 1[core 105[hwt 0]], socket 1[core 106[hwt 0]], socket 1[core 107[hwt 0]], socket 1[core 108[hwt 0]], socket 1[core 109[hwt 0]], socket 1[core 110[hwt 0]], socket 1[core 111[hwt 0]]: [./././././././././././././././././././././././././././././././././././././././././././././././././././././././.][././././././././././././././././././././././././././././././././././././././././././B/B/B/B/B/B/B/B/B/B/B/B/B/B]
[lrdn4893.leonardo.local:2473989] MCW rank 24 bound to socket 0[core 0[hwt 0]], socket 0[core 1[hwt 0]], socket 0[core 2[hwt 0]], socket 0[core 3[hwt 0]], socket 0[core 4[hwt 0]], socket 0[core 5[hwt 0]], socket 0[core 6[hwt 0]], socket 0[core 7[hwt 0]], socket 0[core 8[hwt 0]], socket 0[core 9[hwt 0]], socket 0[core 10[hwt 0]], socket 0[core 11[hwt 0]], socket 0[core 12[hwt 0]], socket 0[core 13[hwt 0]]: [B/B/B/B/B/B/B/B/B/B/B/B/B/B/./././././././././././././././././././././././././././././././././././././././././.][./././././././././././././././././././././././././././././././././././././././././././././././././././././././.]
[lrdn4893.leonardo.local:2473989] MCW rank 25 bound to socket 0[core 14[hwt 0]], socket 0[core 15[hwt 0]], socket 0[core 16[hwt 0]], socket 0[core 17[hwt 0]], socket 0[core 18[hwt 0]], socket 0[core 19[hwt 0]], socket 0[core 20[hwt 0]], socket 0[core 21[hwt 0]], socket 0[core 22[hwt 0]], socket 0[core 23[hwt 0]], socket 0[core 24[hwt 0]], socket 0[core 25[hwt 0]], socket 0[core 26[hwt 0]], socket 0[core 27[hwt 0]]: [././././././././././././././B/B/B/B/B/B/B/B/B/B/B/B/B/B/./././././././././././././././././././././././././././.][./././././././././././././././././././././././././././././././././././././././././././././././././././././././.]
[lrdn4893.leonardo.local:2473989] MCW rank 26 bound to socket 0[core 28[hwt 0]], socket 0[core 29[hwt 0]], socket 0[core 30[hwt 0]], socket 0[core 31[hwt 0]], socket 0[core 32[hwt 0]], socket 0[core 33[hwt 0]], socket 0[core 34[hwt 0]], socket 0[core 35[hwt 0]], socket 0[core 36[hwt 0]], socket 0[core 37[hwt 0]], socket 0[core 38[hwt 0]], socket 0[core 39[hwt 0]], socket 0[core 40[hwt 0]], socket 0[core 41[hwt 0]]: [././././././././././././././././././././././././././././B/B/B/B/B/B/B/B/B/B/B/B/B/B/./././././././././././././.][./././././././././././././././././././././././././././././././././././././././././././././././././././././././.]
[lrdn4893.leonardo.local:2473989] MCW rank 27 bound to socket 0[core 42[hwt 0]], socket 0[core 43[hwt 0]], socket 0[core 44[hwt 0]], socket 0[core 45[hwt 0]], socket 0[core 46[hwt 0]], socket 0[core 47[hwt 0]], socket 0[core 48[hwt 0]], socket 0[core 49[hwt 0]], socket 0[core 50[hwt 0]], socket 0[core 51[hwt 0]], socket 0[core 52[hwt 0]], socket 0[core 53[hwt 0]], socket 0[core 54[hwt 0]], socket 0[core 55[hwt 0]]: [././././././././././././././././././././././././././././././././././././././././././B/B/B/B/B/B/B/B/B/B/B/B/B/B][./././././././././././././././././././././././././././././././././././././././././././././././././././././././.]
[lrdn4893.leonardo.local:2473989] MCW rank 28 bound to socket 1[core 56[hwt 0]], socket 1[core 57[hwt 0]], socket 1[core 58[hwt 0]], socket 1[core 59[hwt 0]], socket 1[core 60[hwt 0]], socket 1[core 61[hwt 0]], socket 1[core 62[hwt 0]], socket 1[core 63[hwt 0]], socket 1[core 64[hwt 0]], socket 1[core 65[hwt 0]], socket 1[core 66[hwt 0]], socket 1[core 67[hwt 0]], socket 1[core 68[hwt 0]], socket 1[core 69[hwt 0]]: [./././././././././././././././././././././././././././././././././././././././././././././././././././././././.][B/B/B/B/B/B/B/B/B/B/B/B/B/B/./././././././././././././././././././././././././././././././././././././././././.]
[lrdn4893.leonardo.local:2473989] MCW rank 29 bound to socket 1[core 70[hwt 0]], socket 1[core 71[hwt 0]], socket 1[core 72[hwt 0]], socket 1[core 73[hwt 0]], socket 1[core 74[hwt 0]], socket 1[core 75[hwt 0]], socket 1[core 76[hwt 0]], socket 1[core 77[hwt 0]], socket 1[core 78[hwt 0]], socket 1[core 79[hwt 0]], socket 1[core 80[hwt 0]], socket 1[core 81[hwt 0]], socket 1[core 82[hwt 0]], socket 1[core 83[hwt 0]]: [./././././././././././././././././././././././././././././././././././././././././././././././././././././././.][././././././././././././././B/B/B/B/B/B/B/B/B/B/B/B/B/B/./././././././././././././././././././././././././././.]
[lrdn4893.leonardo.local:2473989] MCW rank 30 bound to socket 1[core 84[hwt 0]], socket 1[core 85[hwt 0]], socket 1[core 86[hwt 0]], socket 1[core 87[hwt 0]], socket 1[core 88[hwt 0]], socket 1[core 89[hwt 0]], socket 1[core 90[hwt 0]], socket 1[core 91[hwt 0]], socket 1[core 92[hwt 0]], socket 1[core 93[hwt 0]], socket 1[core 94[hwt 0]], socket 1[core 95[hwt 0]], socket 1[core 96[hwt 0]], socket 1[core 97[hwt 0]]: [./././././././././././././././././././././././././././././././././././././././././././././././././././././././.][././././././././././././././././././././././././././././B/B/B/B/B/B/B/B/B/B/B/B/B/B/./././././././././././././.]
[lrdn4893.leonardo.local:2473989] MCW rank 31 bound to socket 1[core 98[hwt 0]], socket 1[core 99[hwt 0]], socket 1[core 100[hwt 0]], socket 1[core 101[hwt 0]], socket 1[core 102[hwt 0]], socket 1[core 103[hwt 0]], socket 1[core 104[hwt 0]], socket 1[core 105[hwt 0]], socket 1[core 106[hwt 0]], socket 1[core 107[hwt 0]], socket 1[core 108[hwt 0]], socket 1[core 109[hwt 0]], socket 1[core 110[hwt 0]], socket 1[core 111[hwt 0]]: [./././././././././././././././././././././././././././././././././././././././././././././././././././././././.][././././././././././././././././././././././././././././././././././././././././././B/B/B/B/B/B/B/B/B/B/B/B/B/B]
[lrdn4864.leonardo.local:192649] MCW rank 16 bound to socket 0[core 0[hwt 0]], socket 0[core 1[hwt 0]], socket 0[core 2[hwt 0]], socket 0[core 3[hwt 0]], socket 0[core 4[hwt 0]], socket 0[core 5[hwt 0]], socket 0[core 6[hwt 0]], socket 0[core 7[hwt 0]], socket 0[core 8[hwt 0]], socket 0[core 9[hwt 0]], socket 0[core 10[hwt 0]], socket 0[core 11[hwt 0]], socket 0[core 12[hwt 0]], socket 0[core 13[hwt 0]]: [B/B/B/B/B/B/B/B/B/B/B/B/B/B/./././././././././././././././././././././././././././././././././././././././././.][./././././././././././././././././././././././././././././././././././././././././././././././././././././././.]
[lrdn4864.leonardo.local:192649] MCW rank 17 bound to socket 0[core 14[hwt 0]], socket 0[core 15[hwt 0]], socket 0[core 16[hwt 0]], socket 0[core 17[hwt 0]], socket 0[core 18[hwt 0]], socket 0[core 19[hwt 0]], socket 0[core 20[hwt 0]], socket 0[core 21[hwt 0]], socket 0[core 22[hwt 0]], socket 0[core 23[hwt 0]], socket 0[core 24[hwt 0]], socket 0[core 25[hwt 0]], socket 0[core 26[hwt 0]], socket 0[core 27[hwt 0]]: [././././././././././././././B/B/B/B/B/B/B/B/B/B/B/B/B/B/./././././././././././././././././././././././././././.][./././././././././././././././././././././././././././././././././././././././././././././././././././././././.]
[lrdn4864.leonardo.local:192649] MCW rank 18 bound to socket 0[core 28[hwt 0]], socket 0[core 29[hwt 0]], socket 0[core 30[hwt 0]], socket 0[core 31[hwt 0]], socket 0[core 32[hwt 0]], socket 0[core 33[hwt 0]], socket 0[core 34[hwt 0]], socket 0[core 35[hwt 0]], socket 0[core 36[hwt 0]], socket 0[core 37[hwt 0]], socket 0[core 38[hwt 0]], socket 0[core 39[hwt 0]], socket 0[core 40[hwt 0]], socket 0[core 41[hwt 0]]: [././././././././././././././././././././././././././././B/B/B/B/B/B/B/B/B/B/B/B/B/B/./././././././././././././.][./././././././././././././././././././././././././././././././././././././././././././././././././././././././.]
[lrdn4864.leonardo.local:192649] MCW rank 19 bound to socket 0[core 42[hwt 0]], socket 0[core 43[hwt 0]], socket 0[core 44[hwt 0]], socket 0[core 45[hwt 0]], socket 0[core 46[hwt 0]], socket 0[core 47[hwt 0]], socket 0[core 48[hwt 0]], socket 0[core 49[hwt 0]], socket 0[core 50[hwt 0]], socket 0[core 51[hwt 0]], socket 0[core 52[hwt 0]], socket 0[core 53[hwt 0]], socket 0[core 54[hwt 0]], socket 0[core 55[hwt 0]]: [././././././././././././././././././././././././././././././././././././././././././B/B/B/B/B/B/B/B/B/B/B/B/B/B][./././././././././././././././././././././././././././././././././././././././././././././././././././././././.]
[lrdn4864.leonardo.local:192649] MCW rank 20 bound to socket 1[core 56[hwt 0]], socket 1[core 57[hwt 0]], socket 1[core 58[hwt 0]], socket 1[core 59[hwt 0]], socket 1[core 60[hwt 0]], socket 1[core 61[hwt 0]], socket 1[core 62[hwt 0]], socket 1[core 63[hwt 0]], socket 1[core 64[hwt 0]], socket 1[core 65[hwt 0]], socket 1[core 66[hwt 0]], socket 1[core 67[hwt 0]], socket 1[core 68[hwt 0]], socket 1[core 69[hwt 0]]: [./././././././././././././././././././././././././././././././././././././././././././././././././././././././.][B/B/B/B/B/B/B/B/B/B/B/B/B/B/./././././././././././././././././././././././././././././././././././././././././.]
[lrdn4864.leonardo.local:192649] MCW rank 21 bound to socket 1[core 70[hwt 0]], socket 1[core 71[hwt 0]], socket 1[core 72[hwt 0]], socket 1[core 73[hwt 0]], socket 1[core 74[hwt 0]], socket 1[core 75[hwt 0]], socket 1[core 76[hwt 0]], socket 1[core 77[hwt 0]], socket 1[core 78[hwt 0]], socket 1[core 79[hwt 0]], socket 1[core 80[hwt 0]], socket 1[core 81[hwt 0]], socket 1[core 82[hwt 0]], socket 1[core 83[hwt 0]]: [./././././././././././././././././././././././././././././././././././././././././././././././././././././././.][././././././././././././././B/B/B/B/B/B/B/B/B/B/B/B/B/B/./././././././././././././././././././././././././././.]
[lrdn4864.leonardo.local:192649] MCW rank 22 bound to socket 1[core 84[hwt 0]], socket 1[core 85[hwt 0]], socket 1[core 86[hwt 0]], socket 1[core 87[hwt 0]], socket 1[core 88[hwt 0]], socket 1[core 89[hwt 0]], socket 1[core 90[hwt 0]], socket 1[core 91[hwt 0]], socket 1[core 92[hwt 0]], socket 1[core 93[hwt 0]], socket 1[core 94[hwt 0]], socket 1[core 95[hwt 0]], socket 1[core 96[hwt 0]], socket 1[core 97[hwt 0]]: [./././././././././././././././././././././././././././././././././././././././././././././././././././././././.][././././././././././././././././././././././././././././B/B/B/B/B/B/B/B/B/B/B/B/B/B/./././././././././././././.]
[lrdn4864.leonardo.local:192649] MCW rank 23 bound to socket 1[core 98[hwt 0]], socket 1[core 99[hwt 0]], socket 1[core 100[hwt 0]], socket 1[core 101[hwt 0]], socket 1[core 102[hwt 0]], socket 1[core 103[hwt 0]], socket 1[core 104[hwt 0]], socket 1[core 105[hwt 0]], socket 1[core 106[hwt 0]], socket 1[core 107[hwt 0]], socket 1[core 108[hwt 0]], socket 1[core 109[hwt 0]], socket 1[core 110[hwt 0]], socket 1[core 111[hwt 0]]: [./././././././././././././././././././././././././././././././././././././././././././././././././././././././.][././././././././././././././././././././././././././././././././././././././././././B/B/B/B/B/B/B/B/B/B/B/B/B/B]
500
500
500
500
500
500
500
500
500
500
500
500
500
500
500
500
500
500
500
500
500
500
500
500
500
500
500
500
500
500
500
500
PROCESS 5: time taken 7.474022, computing 7.469916, border 1.524970, communicating 3.309731, injecting 0.000070 
PROCESS 3: time taken 7.473990, computing 7.469660, border 1.614624, communicating 3.305249, injecting 0.000132 
PROCESS 1: time taken 7.477748, computing 7.474037, border 1.589842, communicating 3.310655, injecting 0.000078 
PROCESS 7: time taken 7.477711, computing 7.473903, border 1.594541, communicating 3.280312, injecting 0.000256 
PROCESS 6: time taken 7.475970, computing 7.472787, border 1.572243, communicating 3.259239, injecting 0.000075 
PROCESS 2: time taken 7.475855, computing 7.471697, border 1.591834, communicating 3.271712, injecting 0.000180 
PROCESS 4: time taken 7.472052, computing 7.468333, border 1.518883, communicating 3.341856, injecting 0.000094 
PROCESS 11: time taken 7.478387, computing 7.473760, border 1.549049, communicating 3.265390, injecting 0.000136 
PROCESS 13: time taken 7.478867, computing 7.474925, border 1.522978, communicating 3.214987, injecting 0.000277 
PROCESS 29: time taken 7.478488, computing 7.474583, border 1.591410, communicating 3.290062, injecting 0.000065 
PROCESS 27: time taken 7.478648, computing 7.475127, border 1.535364, communicating 3.306474, injecting 0.000156 
PROCESS 9: time taken 7.482463, computing 7.478542, border 1.612465, communicating 3.284291, injecting 0.000262 
PROCESS 25: time taken 7.482848, computing 7.479093, border 1.539531, communicating 3.216331, injecting 0.000094 
PROCESS 10: time taken 7.480275, computing 7.476242, border 1.538117, communicating 3.267943, injecting 0.000115 
PROCESS 15: time taken 7.482922, computing 7.478971, border 1.668302, communicating 3.021941, injecting 0.000076 
PROCESS 31: time taken 7.482572, computing 7.476607, border 1.619755, communicating 3.255604, injecting 0.000080 
PROCESS 21: time taken 7.482226, computing 7.478117, border 1.536144, communicating 3.264703, injecting 0.000081 
PROCESS 30: time taken 7.480479, computing 7.476632, border 1.530189, communicating 3.210375, injecting 0.000076 
PROCESS 28: time taken 7.476675, computing 7.473305, border 1.576400, communicating 3.369652, injecting 0.000200 
PROCESS 26: time taken 7.480664, computing 7.476727, border 1.545297, communicating 3.230827, injecting 0.000244 
PROCESS 14: time taken 7.480912, computing 7.477132, border 1.528524, communicating 3.269157, injecting 0.000087 
PROCESS 19: time taken 7.483103, computing 7.479123, border 1.525647, communicating 3.241617, injecting 0.000101 
PROCESS 12: time taken 7.476928, computing 7.472547, border 1.549264, communicating 3.307990, injecting 0.000125 
PROCESS 8: time taken 7.484295, computing 7.480096, border 1.636462, communicating 3.242354, injecting 0.000079 
PROCESS 24: time taken 7.484485, computing 7.480203, border 1.624005, communicating 3.192470, injecting 0.000079 
PROCESS 23: time taken 7.486641, computing 7.480358, border 1.568065, communicating 3.276968, injecting 0.000084 
PROCESS 17: time taken 7.486998, computing 7.482781, border 1.628679, communicating 3.182061, injecting 0.000069 
PROCESS 18: time taken 7.485084, computing 7.481701, border 1.542358, communicating 3.237051, injecting 0.000117 
PROCESS 22: time taken 7.484342, computing 7.480897, border 1.522419, communicating 3.333395, injecting 0.000248 
PROCESS 16: time taken 7.488800, computing 7.484849, border 1.575726, communicating 2.316522, injecting 0.000070 
total injected energy is 10000, system energy is 9605.77 ( in avg 8.94607e-06 per grid point)
PROCESS 0: time taken 7.479680, computing 7.476133, border 1.610418, communicating 3.272276, injecting 0.000210 
PROCESS 20: time taken 7.481058, computing 7.477032, border 1.609466, communicating 3.227438, injecting 0.000239 
