Loading openmpi/4.1.6--gcc--12.2.0
  Loading requirement: gcc/12.2.0-binut2.41
[lrdn4858.leonardo.local:1609954] MCW rank 0 bound to socket 0[core 0[hwt 0]], socket 0[core 1[hwt 0]], socket 0[core 2[hwt 0]], socket 0[core 3[hwt 0]], socket 0[core 4[hwt 0]], socket 0[core 5[hwt 0]], socket 0[core 6[hwt 0]], socket 0[core 7[hwt 0]], socket 0[core 8[hwt 0]], socket 0[core 9[hwt 0]], socket 0[core 10[hwt 0]], socket 0[core 11[hwt 0]], socket 0[core 12[hwt 0]], socket 0[core 13[hwt 0]]: [B/B/B/B/B/B/B/B/B/B/B/B/B/B/./././././././././././././././././././././././././././././././././././././././././.][./././././././././././././././././././././././././././././././././././././././././././././././././././././././.]
[lrdn4858.leonardo.local:1609954] MCW rank 1 bound to socket 0[core 14[hwt 0]], socket 0[core 15[hwt 0]], socket 0[core 16[hwt 0]], socket 0[core 17[hwt 0]], socket 0[core 18[hwt 0]], socket 0[core 19[hwt 0]], socket 0[core 20[hwt 0]], socket 0[core 21[hwt 0]], socket 0[core 22[hwt 0]], socket 0[core 23[hwt 0]], socket 0[core 24[hwt 0]], socket 0[core 25[hwt 0]], socket 0[core 26[hwt 0]], socket 0[core 27[hwt 0]]: [././././././././././././././B/B/B/B/B/B/B/B/B/B/B/B/B/B/./././././././././././././././././././././././././././.][./././././././././././././././././././././././././././././././././././././././././././././././././././././././.]
[lrdn4858.leonardo.local:1609954] MCW rank 2 bound to socket 0[core 28[hwt 0]], socket 0[core 29[hwt 0]], socket 0[core 30[hwt 0]], socket 0[core 31[hwt 0]], socket 0[core 32[hwt 0]], socket 0[core 33[hwt 0]], socket 0[core 34[hwt 0]], socket 0[core 35[hwt 0]], socket 0[core 36[hwt 0]], socket 0[core 37[hwt 0]], socket 0[core 38[hwt 0]], socket 0[core 39[hwt 0]], socket 0[core 40[hwt 0]], socket 0[core 41[hwt 0]]: [././././././././././././././././././././././././././././B/B/B/B/B/B/B/B/B/B/B/B/B/B/./././././././././././././.][./././././././././././././././././././././././././././././././././././././././././././././././././././././././.]
[lrdn4858.leonardo.local:1609954] MCW rank 3 bound to socket 0[core 42[hwt 0]], socket 0[core 43[hwt 0]], socket 0[core 44[hwt 0]], socket 0[core 45[hwt 0]], socket 0[core 46[hwt 0]], socket 0[core 47[hwt 0]], socket 0[core 48[hwt 0]], socket 0[core 49[hwt 0]], socket 0[core 50[hwt 0]], socket 0[core 51[hwt 0]], socket 0[core 52[hwt 0]], socket 0[core 53[hwt 0]], socket 0[core 54[hwt 0]], socket 0[core 55[hwt 0]]: [././././././././././././././././././././././././././././././././././././././././././B/B/B/B/B/B/B/B/B/B/B/B/B/B][./././././././././././././././././././././././././././././././././././././././././././././././././././././././.]
[lrdn4858.leonardo.local:1609954] MCW rank 4 bound to socket 1[core 56[hwt 0]], socket 1[core 57[hwt 0]], socket 1[core 58[hwt 0]], socket 1[core 59[hwt 0]], socket 1[core 60[hwt 0]], socket 1[core 61[hwt 0]], socket 1[core 62[hwt 0]], socket 1[core 63[hwt 0]], socket 1[core 64[hwt 0]], socket 1[core 65[hwt 0]], socket 1[core 66[hwt 0]], socket 1[core 67[hwt 0]], socket 1[core 68[hwt 0]], socket 1[core 69[hwt 0]]: [./././././././././././././././././././././././././././././././././././././././././././././././././././././././.][B/B/B/B/B/B/B/B/B/B/B/B/B/B/./././././././././././././././././././././././././././././././././././././././././.]
[lrdn4858.leonardo.local:1609954] MCW rank 5 bound to socket 1[core 70[hwt 0]], socket 1[core 71[hwt 0]], socket 1[core 72[hwt 0]], socket 1[core 73[hwt 0]], socket 1[core 74[hwt 0]], socket 1[core 75[hwt 0]], socket 1[core 76[hwt 0]], socket 1[core 77[hwt 0]], socket 1[core 78[hwt 0]], socket 1[core 79[hwt 0]], socket 1[core 80[hwt 0]], socket 1[core 81[hwt 0]], socket 1[core 82[hwt 0]], socket 1[core 83[hwt 0]]: [./././././././././././././././././././././././././././././././././././././././././././././././././././././././.][././././././././././././././B/B/B/B/B/B/B/B/B/B/B/B/B/B/./././././././././././././././././././././././././././.]
[lrdn4858.leonardo.local:1609954] MCW rank 6 bound to socket 1[core 84[hwt 0]], socket 1[core 85[hwt 0]], socket 1[core 86[hwt 0]], socket 1[core 87[hwt 0]], socket 1[core 88[hwt 0]], socket 1[core 89[hwt 0]], socket 1[core 90[hwt 0]], socket 1[core 91[hwt 0]], socket 1[core 92[hwt 0]], socket 1[core 93[hwt 0]], socket 1[core 94[hwt 0]], socket 1[core 95[hwt 0]], socket 1[core 96[hwt 0]], socket 1[core 97[hwt 0]]: [./././././././././././././././././././././././././././././././././././././././././././././././././././././././.][././././././././././././././././././././././././././././B/B/B/B/B/B/B/B/B/B/B/B/B/B/./././././././././././././.]
[lrdn4858.leonardo.local:1609954] MCW rank 7 bound to socket 1[core 98[hwt 0]], socket 1[core 99[hwt 0]], socket 1[core 100[hwt 0]], socket 1[core 101[hwt 0]], socket 1[core 102[hwt 0]], socket 1[core 103[hwt 0]], socket 1[core 104[hwt 0]], socket 1[core 105[hwt 0]], socket 1[core 106[hwt 0]], socket 1[core 107[hwt 0]], socket 1[core 108[hwt 0]], socket 1[core 109[hwt 0]], socket 1[core 110[hwt 0]], socket 1[core 111[hwt 0]]: [./././././././././././././././././././././././././././././././././././././././././././././././././././././././.][././././././././././././././././././././././././././././././././././././././././././B/B/B/B/B/B/B/B/B/B/B/B/B/B]
500
500
500
500
500
500
500
500
PROCESS 5: time taken 7.240401, computing 7.237052, border 1.516240, communicating 2.558630, injecting 0.000244 
PROCESS 4: time taken 7.240635, computing 7.237275, border 1.555557, communicating 2.525420, injecting 0.000317 
PROCESS 7: time taken 7.241082, computing 7.237069, border 1.598094, communicating 2.543079, injecting 0.000303 
PROCESS 6: time taken 7.240899, computing 7.235654, border 1.542507, communicating 2.543934, injecting 0.000252 
PROCESS 2: time taken 7.241388, computing 7.237261, border 1.539186, communicating 2.390573, injecting 0.000236 
PROCESS 3: time taken 7.241500, computing 7.237852, border 1.628899, communicating 2.350421, injecting 0.000106 
PROCESS 1: time taken 7.240772, computing 7.236345, border 1.571934, communicating 2.618657, injecting 0.000190 
total injected energy is 10000, system energy is 8444.56 ( in avg 3.14584e-05 per grid point)
PROCESS 0: time taken 7.241112, computing 7.235069, border 1.517877, communicating 2.539844, injecting 0.000245 
